---
source: crates/inkgen-testing/src/lib.rs
assertion_line: 67
expression: code
---
[2m2025-11-05T17:43:29.428758Z[0m [32m INFO[0m Starting inkgen CLI
[2m2025-11-05T17:43:29.428804Z[0m [32m INFO[0m Executing config command
[2m2025-11-05T17:43:29.428833Z[0m [32m INFO[0m Showing current configuration
Current configuration:
[[packages]]
name = "hl7.fhir.r4.core"
version = "4.0.1"

[tree_shaking]
base_families = ["r4"]

[languages.typescript]
mode = "class_with_builder"
structural_guards = true
naming_convention = "PascalCase"
output_structure = "flat"
