---
source: crates/inkgen-testing/src/lib.rs
assertion_line: 67
expression: code
---
A FHIR code generator

Usage: inkgen [OPTIONS] <COMMAND>

Commands:
  fetch     Fetch and cache FHIR packages
  generate  Generate code from FHIR packages
  config    Configuration management
  help      Print this message or the help of the given subcommand(s)

Options:
      --verbose                Enable verbose logging
      --log-level <LOG_LEVEL>  Set log level (trace, debug, info, warn, error)
  -h, --help                   Print help
  -V, --version                Print version
