---
source: crates/inkgen-typescript/src/lib.rs
expression: index_file
---
export * from "./address";
export * from "./age";
export * from "./annotation";
export * from "./attachment";
export * from "./codeableconcept";
export * from "./contributor";
export * from "./datarequirement";
export * from "./dosage";
export * from "./element";
export * from "./elementdefinition";
export * from "./expression";
export * from "./extension";
export * from "./humanname";
export * from "./identifier";
export * from "./marketingstatus";
export * from "./money";
export * from "./patient";
export * from "./period";
export * from "./prodcharacteristic";
export * from "./quantity";
export * from "./range";
export * from "./ratio";
export * from "./reference";
export * from "./relatedartifact";
export * from "./substanceamount";
export * from "./triggerdefinition";
export * from "./usagecontext";
export * from "./boolean";
export * from "./canonical";
export * from "./code";
export * from "./date";
export * from "./datetime";
export * from "./decimal";
export * from "./integer";
export * from "./string";
export * from "./time";
export * from "./unsignedint";
export * from "./url";
export * from "./uuid";
