---
source: crates/inkgen-typescript/src/lib.rs
expression: patient_file
---
import type { Address } from "./address";
import type { Attachment } from "./attachment";
import type { CodeableConcept } from "./codeableconcept";
import type { Extension } from "./extension";
import type { HumanName } from "./humanname";
import type { Identifier } from "./identifier";
import type { Period } from "./period";

/**
 * A language which may be used to communicate with the patient about his or her health
 */
export interface PatientCommunication {
  /** Additional content defined by implementations */
  extension?: Array<Extension>;
  /** Unique id for inter-element referencing */
  id?: HttpHl7OrgFhirpathSystemString;
  /** The language which can be used to communicate with the patient about his or her health */
  language: CodeableConcept;
  /** Extensions that cannot be ignored even if unrecognized */
  modifierextension?: Array<Extension>;
  /** Language preference indicator */
  preferred?: boolean;
}


/**
 * A contact party (e.g. guardian, partner, friend) for the patient
 */
export interface PatientContact {
  /** Address for the contact person */
  address?: Address;
  /** Additional content defined by implementations */
  extension?: Array<Extension>;
  /** male | female | other | unknown */
  gender?: string;
  /** Unique id for inter-element referencing */
  id?: HttpHl7OrgFhirpathSystemString;
  /** Extensions that cannot be ignored even if unrecognized */
  modifierextension?: Array<Extension>;
  /** A name associated with the contact person */
  name?: HumanName;
  /** Organization that is associated with the contact */
  organization?: Organization;
  /** The period during which this contact person or organization is valid to be contacted relating to this patient */
  period?: Period;
  /** The kind of relationship */
  relationship?: Array<CodeableConcept>;
  /** A contact detail for the person */
  telecom?: Array<ContactPoint>;
}


/**
 * Link to another patient resource that concerns the same actual person
 */
export interface PatientLink {
  /** Additional content defined by implementations */
  extension?: Array<Extension>;
  /** Unique id for inter-element referencing */
  id?: HttpHl7OrgFhirpathSystemString;
  /** Extensions that cannot be ignored even if unrecognized */
  modifierextension?: Array<Extension>;
  /** The other patient or related person resource that the link refers to */
  other: Patient | RelatedPerson;
  /** replaced-by | replaces | refer | seealso */
  type: string;
}


export interface Patient {
  /** Whether this patient's record is in active use */
  active?: boolean;
  /** An address for the individual */
  address?: Array<Address>;
  /** The date of birth for the individual */
  birthdate?: string;
  /** A language which may be used to communicate with the patient about his or her health */
  communication?: Array<PatientCommunication>;
  /** A contact party (e.g. guardian, partner, friend) for the patient */
  contact?: Array<PatientContact>;
  /** Contained, inline Resources */
  contained?: Array<Resource>;
  /** Indicates if the individual is deceased or not */
  deceased?: boolean | string;
  /** Additional content defined by implementations */
  extension?: Array<Extension>;
  /** male | female | other | unknown */
  gender?: string;
  /** Patient's nominated primary care provider */
  generalpractitioner?: Array<Organization | Practitioner | PractitionerRole>;
  /** Logical id of this artifact */
  id?: HttpHl7OrgFhirpathSystemString;
  /** An identifier for this patient */
  identifier?: Array<Identifier>;
  /** A set of rules under which this content was created */
  implicitrules?: string;
  /** Language of the resource content */
  language?: string;
  /** Link to another patient resource that concerns the same actual person */
  link?: Array<PatientLink>;
  /** Organization that is the custodian of the patient record */
  managingorganization?: Organization;
  /** Marital (civil) status of a patient */
  maritalstatus?: CodeableConcept;
  /** Metadata about the resource */
  meta?: Meta;
  /** Extensions that cannot be ignored */
  modifierextension?: Array<Extension>;
  /** Whether patient is part of a multiple birth */
  multiplebirth?: boolean | number;
  /** A name associated with the patient */
  name?: Array<HumanName>;
  /** Image of the patient */
  photo?: Array<Attachment>;
  /** A contact detail for the individual */
  telecom?: Array<ContactPoint>;
  /** Text summary of the resource, for human interpretation */
  text?: Narrative;
}
export function isPatient(input: unknown): input is Patient {
  return typeof input === "object" && input !== null;
}
